--------------------------------------------------------------------------------
Release 14.7 Trace  (nt64)
Copyright (c) 1995-2013 Xilinx, Inc.  All rights reserved.

D:\Xilinx\14.7\ISE_DS\ISE\bin\nt64\unwrapped\trce.exe -intstyle ise -o
mojo_top_0.twr -v 30 -l 30 mojo_top_0_routed.ncd mojo_top_0.pcf

Design file:              mojo_top_0_routed.ncd
Physical constraint file: mojo_top_0.pcf
Device,package,speed:     xc6slx9,tqg144,C,-2 (PRODUCTION 1.23 2013-10-13)
Report level:             verbose report, limited to 30 items per constraint

Environment Variable      Effect 
--------------------      ------ 
NONE                      No environment variables were set
--------------------------------------------------------------------------------

INFO:Timing:2698 - No timing constraints found, doing default enumeration.
INFO:Timing:3412 - To improve timing, see the Timing Closure User Guide (UG612).
INFO:Timing:2752 - To get complete path coverage, use the unconstrained paths 
   option. All paths that are not constrained will be reported in the 
   unconstrained paths section(s) of the report.
INFO:Timing:3339 - The clock-to-out numbers in this timing report are based on 
   a 50 Ohm transmission line loading model.  For the details of this model, 
   and for more information on accounting for different loading conditions, 
   please see the device datasheet.



Data Sheet report:
-----------------
All values displayed in nanoseconds (ns)

Pad to Pad
---------------+---------------+---------+
Source Pad     |Destination Pad|  Delay  |
---------------+---------------+---------+
io_dip[0]      |pina[0]        |    8.608|
io_dip[1]      |pina[1]        |    8.671|
io_dip[2]      |pina[2]        |    9.265|
io_dip[3]      |pina[3]        |    9.256|
io_dip[4]      |pina[4]        |    9.990|
io_dip[5]      |pina[5]        |    9.912|
io_dip[6]      |pina[6]        |    9.858|
io_dip[7]      |pina[7]        |   10.083|
io_dip[8]      |pinb[0]        |   10.687|
io_dip[9]      |pinb[1]        |   10.176|
io_dip[10]     |pinb[2]        |    9.326|
io_dip[11]     |pinb[3]        |   10.364|
io_dip[12]     |pinb[4]        |   10.251|
io_dip[13]     |pinb[5]        |   10.540|
io_dip[14]     |pinb[6]        |   10.309|
io_dip[15]     |pinb[7]        |   10.037|
---------------+---------------+---------+


Analysis completed Tue Dec 06 01:23:20 2016 
--------------------------------------------------------------------------------

Trace Settings:
-------------------------
Trace Settings 

Peak Memory Usage: 220 MB



